../Core/Src/adc_handler.c:23:6:ADS8661_Select	16	static
../Core/Src/adc_handler.c:31:6:ADS8661_Deselect	16	static
../Core/Src/adc_handler.c:39:10:ADS8661_Read	32	static
../Core/Src/adc_handler.c:56:7:getVoltage	4	static
../Core/Src/adc_handler.c:60:7:getCurrent	4	static
../Core/Src/adc_handler.c:64:6:ADS8661_WriteRegister	24	static
../Core/Src/adc_handler.c:83:6:ADC_Start	8	static
../Core/Src/adc_handler.c:108:6:HAL_ADC_ConvCpltCallback	16	static
../Core/Src/adc_handler.c:116:6:TIM3_Callback	8	static
../Core/Src/adc_handler.c:135:6:Control_AcquisitionRate	24	static
